// Vitest Snapshot v1, https://vitest.dev/guide/snapshot.html

exports[`JobForm component > should form be renders corrent default 1`] = `
<input
  aria-autocomplete="list"
  aria-expanded="false"
  aria-haspopup="listbox"
  aria-label=""
  aria-required="true"
  class="ak al av aw ao ce f7 by cg c4 c5 c6 c7 c8 c2 c9 ca cb aj ah aq as at ar"
  role="combobox"
  tabindex="0"
  value=""
/>
`;
